0 verbose cli /usr/bin/node /usr/bin/npm
1 info using npm@10.8.2
2 info using node@v20.20.2
3 silly config load:file:/usr/lib/node_modules/npm/npmrc
4 silly config load:file:/home/williamdacoula/.npmrc
5 silly config load:file:/usr/etc/npmrc
6 verbose title npm install fedapay
7 verbose argv "install" "fedapay"
8 verbose logfile logs-max:10 dir:/home/williamdacoula/.npm/_logs/2026-08-16T23_50_23_080Z-
9 verbose logfile /home/williamdacoula/.npm/_logs/2026-08-16T23_50_23_080Z-debug-0.log
10 silly packumentCache heap:2197815296 maxSize:549453824 maxEntrySize:274726912
11 silly logfile done cleaning log files
12 silly idealTree buildDeps
13 silly fetch manifest fedapay@*
14 silly packumentCache full:https://registry.npmjs.org/fedapay cache-miss
15 http fetch GET 200 https://registry.npmjs.org/fedapay 5057ms (cache miss)
16 silly packumentCache full:https://registry.npmjs.org/fedapay set size:undefined disposed:false
17 silly placeDep ROOT fedapay@1.2.5 OK for:  want: *
18 silly fetch manifest @types/pluralize@0.0.28
19 silly packumentCache full:https://registry.npmjs.org/@types%2fpluralize cache-miss
20 silly fetch manifest axios@^0.28.0
21 silly packumentCache full:https://registry.npmjs.org/axios cache-miss
22 silly fetch manifest lodash.isplainobject@^4.0.6
23 silly packumentCache full:https://registry.npmjs.org/lodash.isplainobject cache-miss
24 http fetch GET 200 https://registry.npmjs.org/@types%2fpluralize 780ms (cache miss)
25 silly packumentCache full:https://registry.npmjs.org/@types%2fpluralize set size:undefined disposed:false
26 silly fetch manifest pluralize@^7.0.0
27 silly packumentCache full:https://registry.npmjs.org/pluralize cache-miss
28 http fetch GET 200 https://registry.npmjs.org/lodash.isplainobject 1508ms (cache revalidated)
29 silly packumentCache full:https://registry.npmjs.org/lodash.isplainobject set size:38531 disposed:false
30 http fetch GET 200 https://registry.npmjs.org/axios 1516ms (cache revalidated)
31 silly packumentCache full:https://registry.npmjs.org/axios set size:850874 disposed:false
32 http fetch GET 200 https://registry.npmjs.org/pluralize 767ms (cache miss)
33 silly packumentCache full:https://registry.npmjs.org/pluralize set size:undefined disposed:false
34 silly placeDep ROOT @types/pluralize@0.0.28 OK for: fedapay@1.2.5 want: 0.0.28
35 silly placeDep ROOT axios@0.28.1 OK for: fedapay@1.2.5 want: ^0.28.0
36 silly placeDep ROOT lodash.isplainobject@4.0.6 OK for: fedapay@1.2.5 want: ^4.0.6
37 silly placeDep ROOT pluralize@7.0.0 OK for: fedapay@1.2.5 want: ^7.0.0
38 silly fetch manifest form-data@^4.0.0
39 silly packumentCache full:https://registry.npmjs.org/form-data cache-miss
40 silly fetch manifest proxy-from-env@^1.1.0
41 silly packumentCache full:https://registry.npmjs.org/proxy-from-env cache-miss
42 silly fetch manifest follow-redirects@^1.15.0
43 silly packumentCache full:https://registry.npmjs.org/follow-redirects cache-miss
44 http fetch GET 200 https://registry.npmjs.org/proxy-from-env 342ms (cache revalidated)
45 silly packumentCache full:https://registry.npmjs.org/proxy-from-env set size:21422 disposed:false
46 http fetch GET 200 https://registry.npmjs.org/form-data 345ms (cache revalidated)
47 silly packumentCache full:https://registry.npmjs.org/form-data set size:153174 disposed:false
48 http fetch GET 200 https://registry.npmjs.org/follow-redirects 352ms (cache revalidated)
49 silly packumentCache full:https://registry.npmjs.org/follow-redirects set size:188945 disposed:false
50 silly placeDep ROOT follow-redirects@1.16.0 OK for: axios@0.28.1 want: ^1.15.0
51 silly placeDep ROOT form-data@4.0.6 OK for: axios@0.28.1 want: ^4.0.0
52 silly placeDep ROOT proxy-from-env@1.1.0 OK for: axios@0.28.1 want: ^1.1.0
53 silly fetch manifest hasown@^2.0.4
54 silly packumentCache full:https://registry.npmjs.org/hasown cache-miss
55 silly fetch manifest asynckit@^0.4.0
56 silly packumentCache full:https://registry.npmjs.org/asynckit cache-miss
57 silly fetch manifest mime-types@^2.1.35
58 silly packumentCache full:https://registry.npmjs.org/mime-types cache-miss
59 http fetch GET 200 https://registry.npmjs.org/asynckit 387ms (cache revalidated)
60 silly packumentCache full:https://registry.npmjs.org/asynckit set size:18932 disposed:false
61 silly fetch manifest combined-stream@^1.0.8
62 silly packumentCache full:https://registry.npmjs.org/combined-stream cache-miss
63 http fetch GET 200 https://registry.npmjs.org/hasown 392ms (cache revalidated)
64 silly packumentCache full:https://registry.npmjs.org/hasown set size:18361 disposed:false
65 silly fetch manifest es-set-tostringtag@^2.1.0
66 silly packumentCache full:https://registry.npmjs.org/es-set-tostringtag cache-miss
67 http fetch GET 200 https://registry.npmjs.org/mime-types 397ms (cache revalidated)
68 silly packumentCache full:https://registry.npmjs.org/mime-types set size:139110 disposed:false
69 http fetch GET 200 https://registry.npmjs.org/combined-stream 401ms (cache revalidated)
70 silly packumentCache full:https://registry.npmjs.org/combined-stream set size:40337 disposed:false
71 http fetch GET 200 https://registry.npmjs.org/es-set-tostringtag 399ms (cache revalidated)
72 silly packumentCache full:https://registry.npmjs.org/es-set-tostringtag set size:22094 disposed:false
73 silly placeDep ROOT asynckit@0.4.0 OK for: form-data@4.0.6 want: ^0.4.0
74 silly placeDep ROOT combined-stream@1.0.8 OK for: form-data@4.0.6 want: ^1.0.8
75 silly placeDep ROOT es-set-tostringtag@2.1.0 OK for: form-data@4.0.6 want: ^2.1.0
76 silly placeDep ROOT hasown@2.0.4 OK for: form-data@4.0.6 want: ^2.0.4
77 silly placeDep ROOT mime-types@2.1.35 OK for: form-data@4.0.6 want: ^2.1.35
78 silly fetch manifest delayed-stream@~1.0.0
79 silly packumentCache full:https://registry.npmjs.org/delayed-stream cache-miss
80 silly fetch manifest es-errors@^1.3.0
81 silly packumentCache full:https://registry.npmjs.org/es-errors cache-miss
82 silly fetch manifest get-intrinsic@^1.2.6
83 silly packumentCache full:https://registry.npmjs.org/get-intrinsic cache-miss
84 http fetch GET 200 https://registry.npmjs.org/delayed-stream 393ms (cache revalidated)
85 silly packumentCache full:https://registry.npmjs.org/delayed-stream set size:15820 disposed:false
86 silly fetch manifest has-tostringtag@^1.0.2
87 silly packumentCache full:https://registry.npmjs.org/has-tostringtag cache-miss
88 http fetch GET 200 https://registry.npmjs.org/es-errors 396ms (cache revalidated)
89 silly packumentCache full:https://registry.npmjs.org/es-errors set size:16918 disposed:false
90 silly fetch manifest hasown@^2.0.2
91 silly packumentCache full:https://registry.npmjs.org/hasown cache-hit
92 silly fetch manifest function-bind@^1.1.2
93 silly packumentCache full:https://registry.npmjs.org/function-bind cache-miss
94 http fetch GET 200 https://registry.npmjs.org/get-intrinsic 399ms (cache revalidated)
95 silly packumentCache full:https://registry.npmjs.org/get-intrinsic set size:60985 disposed:false
96 silly fetch manifest mime-db@1.52.0
97 silly packumentCache full:https://registry.npmjs.org/mime-db cache-miss
98 http fetch GET 200 https://registry.npmjs.org/has-tostringtag 286ms (cache revalidated)
99 silly packumentCache full:https://registry.npmjs.org/has-tostringtag set size:13945 disposed:false
100 http fetch GET 200 https://registry.npmjs.org/function-bind 472ms (cache revalidated)
101 silly packumentCache full:https://registry.npmjs.org/function-bind set size:15733 disposed:false
102 http fetch GET 200 https://registry.npmjs.org/mime-db 536ms (cache revalidated)
103 silly packumentCache full:https://registry.npmjs.org/mime-db set size:164953 disposed:false
104 silly placeDep ROOT delayed-stream@1.0.0 OK for: combined-stream@1.0.8 want: ~1.0.0
105 silly placeDep ROOT es-errors@1.3.0 OK for: es-set-tostringtag@2.1.0 want: ^1.3.0
106 silly placeDep ROOT get-intrinsic@1.3.0 OK for: es-set-tostringtag@2.1.0 want: ^1.2.6
107 silly placeDep ROOT has-tostringtag@1.0.2 OK for: es-set-tostringtag@2.1.0 want: ^1.0.2
108 silly fetch manifest gopd@^1.2.0
109 silly packumentCache full:https://registry.npmjs.org/gopd cache-miss
110 silly fetch manifest get-proto@^1.0.1
111 silly packumentCache full:https://registry.npmjs.org/get-proto cache-miss
112 silly fetch manifest has-symbols@^1.1.0
113 silly packumentCache full:https://registry.npmjs.org/has-symbols cache-miss
114 http fetch GET 200 https://registry.npmjs.org/get-proto 358ms (cache revalidated)
115 silly packumentCache full:https://registry.npmjs.org/get-proto set size:8300 disposed:false
116 silly fetch manifest es-object-atoms@^1.1.1
117 silly packumentCache full:https://registry.npmjs.org/es-object-atoms cache-miss
118 http fetch GET 200 https://registry.npmjs.org/has-symbols 360ms (cache revalidated)
119 silly packumentCache full:https://registry.npmjs.org/has-symbols set size:21550 disposed:false
120 silly fetch manifest math-intrinsics@^1.1.0
121 silly packumentCache full:https://registry.npmjs.org/math-intrinsics cache-miss
122 http fetch GET 200 https://registry.npmjs.org/gopd 364ms (cache revalidated)
123 silly packumentCache full:https://registry.npmjs.org/gopd set size:11483 disposed:false
124 silly fetch manifest es-define-property@^1.0.1
125 silly packumentCache full:https://registry.npmjs.org/es-define-property cache-miss
126 http fetch GET 200 https://registry.npmjs.org/es-object-atoms 337ms (cache revalidated)
127 silly packumentCache full:https://registry.npmjs.org/es-object-atoms set size:18278 disposed:false
128 silly fetch manifest call-bind-apply-helpers@^1.0.2
129 silly packumentCache full:https://registry.npmjs.org/call-bind-apply-helpers cache-miss
130 http fetch GET 200 https://registry.npmjs.org/math-intrinsics 342ms (cache revalidated)
131 silly packumentCache full:https://registry.npmjs.org/math-intrinsics set size:9265 disposed:false
132 silly fetch manifest has-symbols@^1.0.3
133 silly packumentCache full:https://registry.npmjs.org/has-symbols cache-hit
134 http fetch GET 200 https://registry.npmjs.org/es-define-property 341ms (cache revalidated)
135 silly packumentCache full:https://registry.npmjs.org/es-define-property set size:8542 disposed:false
136 http fetch GET 200 https://registry.npmjs.org/call-bind-apply-helpers 373ms (cache revalidated)
137 silly packumentCache full:https://registry.npmjs.org/call-bind-apply-helpers set size:12744 disposed:false
138 silly placeDep ROOT call-bind-apply-helpers@1.0.2 OK for: get-intrinsic@1.3.0 want: ^1.0.2
139 silly placeDep ROOT es-define-property@1.0.1 OK for: get-intrinsic@1.3.0 want: ^1.0.1
140 silly placeDep ROOT es-object-atoms@1.1.2 OK for: get-intrinsic@1.3.0 want: ^1.1.1
141 silly placeDep ROOT function-bind@1.1.2 OK for: get-intrinsic@1.3.0 want: ^1.1.2
142 silly placeDep ROOT get-proto@1.0.1 OK for: get-intrinsic@1.3.0 want: ^1.0.1
143 silly placeDep ROOT gopd@1.2.0 OK for: get-intrinsic@1.3.0 want: ^1.2.0
144 silly placeDep ROOT has-symbols@1.1.0 OK for: get-intrinsic@1.3.0 want: ^1.1.0
145 silly placeDep ROOT math-intrinsics@1.1.0 OK for: get-intrinsic@1.3.0 want: ^1.1.0
146 silly fetch manifest dunder-proto@^1.0.1
147 silly packumentCache full:https://registry.npmjs.org/dunder-proto cache-miss
148 http fetch GET 200 https://registry.npmjs.org/dunder-proto 343ms (cache revalidated)
149 silly packumentCache full:https://registry.npmjs.org/dunder-proto set size:8256 disposed:false
150 silly placeDep ROOT dunder-proto@1.0.1 OK for: get-proto@1.0.1 want: ^1.0.1
151 silly placeDep ROOT mime-db@1.52.0 OK for: mime-types@2.1.35 want: 1.52.0
152 silly reify moves {}
153 silly tarball no local data for proxy-from-env@https://registry.npmjs.org/proxy-from-env/-/proxy-from-env-1.1.0.tgz. Extracting by manifest.
154 silly tarball no local data for pluralize@https://registry.npmjs.org/pluralize/-/pluralize-7.0.0.tgz. Extracting by manifest.
155 silly tarball no local data for @types/pluralize@https://registry.npmjs.org/@types/pluralize/-/pluralize-0.0.28.tgz. Extracting by manifest.
156 silly tarball no local data for axios@https://registry.npmjs.org/axios/-/axios-0.28.1.tgz. Extracting by manifest.
157 silly tarball no local data for fedapay@https://registry.npmjs.org/fedapay/-/fedapay-1.2.5.tgz. Extracting by manifest.
158 http fetch GET 200 https://registry.npmjs.org/pluralize/-/pluralize-7.0.0.tgz 402ms (cache miss)
159 http fetch GET 200 https://registry.npmjs.org/proxy-from-env/-/proxy-from-env-1.1.0.tgz 642ms (cache miss)
160 http fetch GET 200 https://registry.npmjs.org/@types/pluralize/-/pluralize-0.0.28.tgz 895ms (cache miss)
161 http fetch GET 200 https://registry.npmjs.org/axios/-/axios-0.28.1.tgz 2557ms (cache miss)
162 http fetch GET 200 https://registry.npmjs.org/fedapay/-/fedapay-1.2.5.tgz 2808ms (cache miss)
163 silly ADD node_modules/mime-db
164 silly ADD node_modules/dunder-proto
165 silly ADD node_modules/math-intrinsics
166 silly ADD node_modules/has-symbols
167 silly ADD node_modules/gopd
168 silly ADD node_modules/get-proto
169 silly ADD node_modules/function-bind
170 silly ADD node_modules/es-object-atoms
171 silly ADD node_modules/es-define-property
172 silly ADD node_modules/call-bind-apply-helpers
173 silly ADD node_modules/has-tostringtag
174 silly ADD node_modules/get-intrinsic
175 silly ADD node_modules/es-errors
176 silly ADD node_modules/delayed-stream
177 silly ADD node_modules/mime-types
178 silly ADD node_modules/hasown
179 silly ADD node_modules/es-set-tostringtag
180 silly ADD node_modules/combined-stream
181 silly ADD node_modules/asynckit
182 silly ADD node_modules/proxy-from-env
183 silly ADD node_modules/form-data
184 silly ADD node_modules/follow-redirects
185 silly ADD node_modules/pluralize
186 silly ADD node_modules/lodash.isplainobject
187 silly ADD node_modules/axios
188 silly ADD node_modules/@types/pluralize
189 silly ADD node_modules/fedapay
190 verbose cwd /home/williamdacoula
191 verbose os Linux 6.6.119-09283-g9c138e0af8c3
192 verbose node v20.20.2
193 verbose npm  v10.8.2
194 verbose exit 0
195 info ok
