0 verbose cli /usr/bin/node /usr/bin/npm
1 info using npm@10.8.2
2 info using node@v20.20.2
3 silly config load:file:/usr/lib/node_modules/npm/npmrc
4 silly config load:file:/home/williamdacoula/mon-site/invest-backend/.npmrc
5 silly config load:file:/home/williamdacoula/.npmrc
6 silly config load:file:/usr/etc/npmrc
7 verbose title npm install node-cron
8 verbose argv "install" "node-cron"
9 verbose logfile logs-max:10 dir:/home/williamdacoula/.npm/_logs/2026-08-16T15_36_49_811Z-
10 verbose logfile /home/williamdacoula/.npm/_logs/2026-08-16T15_36_49_811Z-debug-0.log
11 silly packumentCache heap:2197815296 maxSize:549453824 maxEntrySize:274726912
12 silly logfile done cleaning log files
13 silly idealTree buildDeps
14 silly fetch manifest node-cron@*
15 silly packumentCache full:https://registry.npmjs.org/node-cron cache-miss
16 http fetch GET 200 https://registry.npmjs.org/node-cron 3549ms (cache miss)
17 silly packumentCache full:https://registry.npmjs.org/node-cron set size:undefined disposed:false
18 silly placeDep ROOT node-cron@4.6.0 OK for: invest-backend@1.0.0 want: *
19 silly reify moves {}
20 silly audit bulk request {
20 silly audit   accepts: [ '2.0.0' ],
20 silly audit   'agent-base': [ '6.0.2' ],
20 silly audit   anymatch: [ '3.1.3' ],
20 silly audit   asynckit: [ '0.4.0' ],
20 silly audit   axios: [ '1.19.0' ],
20 silly audit   'balanced-match': [ '4.0.4' ],
20 silly audit   bcryptjs: [ '3.0.3' ],
20 silly audit   'binary-extensions': [ '2.3.0' ],
20 silly audit   'body-parser': [ '2.3.0' ],
20 silly audit   'content-type': [ '2.1.0', '1.0.5' ],
20 silly audit   'brace-expansion': [ '5.0.9' ],
20 silly audit   braces: [ '3.0.3' ],
20 silly audit   'buffer-equal-constant-time': [ '1.0.1' ],
20 silly audit   bytes: [ '3.1.2' ],
20 silly audit   'call-bind-apply-helpers': [ '1.0.2' ],
20 silly audit   'call-bound': [ '1.0.4' ],
20 silly audit   chokidar: [ '3.6.0' ],
20 silly audit   'combined-stream': [ '1.0.8' ],
20 silly audit   'content-disposition': [ '1.1.0' ],
20 silly audit   cookie: [ '0.7.2' ],
20 silly audit   'cookie-signature': [ '1.2.2' ],
20 silly audit   cors: [ '2.8.6' ],
20 silly audit   debug: [ '4.4.3' ],
20 silly audit   'delayed-stream': [ '1.0.0' ],
20 silly audit   depd: [ '2.0.0' ],
20 silly audit   dotenv: [ '17.4.2' ],
20 silly audit   'dunder-proto': [ '1.0.1' ],
20 silly audit   'ecdsa-sig-formatter': [ '1.0.11' ],
20 silly audit   'ee-first': [ '1.1.1' ],
20 silly audit   encodeurl: [ '2.0.0' ],
20 silly audit   'es-define-property': [ '1.0.1' ],
20 silly audit   'es-errors': [ '1.3.0' ],
20 silly audit   'es-object-atoms': [ '1.1.2' ],
20 silly audit   'es-set-tostringtag': [ '2.1.0' ],
20 silly audit   'escape-html': [ '1.0.3' ],
20 silly audit   etag: [ '1.8.1' ],
20 silly audit   express: [ '5.2.1' ],
20 silly audit   'fill-range': [ '7.1.1' ],
20 silly audit   finalhandler: [ '2.1.1' ],
20 silly audit   'follow-redirects': [ '1.16.0' ],
20 silly audit   'form-data': [ '4.0.6' ],
20 silly audit   'mime-db': [ '1.52.0', '1.54.0' ],
20 silly audit   'mime-types': [ '2.1.35', '3.0.2' ],
20 silly audit   forwarded: [ '0.2.0' ],
20 silly audit   fresh: [ '2.0.0' ],
20 silly audit   fsevents: [ '2.3.3' ],
20 silly audit   'function-bind': [ '1.1.2' ],
20 silly audit   'get-intrinsic': [ '1.3.0' ],
20 silly audit   'get-proto': [ '1.0.1' ],
20 silly audit   'glob-parent': [ '5.1.2' ],
20 silly audit   gopd: [ '1.2.0' ],
20 silly audit   'has-flag': [ '3.0.0' ],
20 silly audit   'has-symbols': [ '1.1.0' ],
20 silly audit   'has-tostringtag': [ '1.0.2' ],
20 silly audit   hasown: [ '2.0.4' ],
20 silly audit   'http-errors': [ '2.0.1' ],
20 silly audit   'https-proxy-agent': [ '5.0.1' ],
20 silly audit   'iconv-lite': [ '0.7.3' ],
20 silly audit   'ignore-by-default': [ '1.0.1' ],
20 silly audit   inherits: [ '2.0.4' ],
20 silly audit   'ipaddr.js': [ '1.9.1' ],
20 silly audit   'is-binary-path': [ '2.1.0' ],
20 silly audit   'is-extglob': [ '2.1.1' ],
20 silly audit   'is-glob': [ '4.0.3' ],
20 silly audit   'is-number': [ '7.0.0' ],
20 silly audit   'is-promise': [ '4.0.0' ],
20 silly audit   jsonwebtoken: [ '9.0.3' ],
20 silly audit   jwa: [ '2.0.1' ],
20 silly audit   jws: [ '4.0.1' ],
20 silly audit   'lodash.includes': [ '4.3.0' ],
20 silly audit   'lodash.isboolean': [ '3.0.3' ],
20 silly audit   'lodash.isinteger': [ '4.0.4' ],
20 silly audit   'lodash.isnumber': [ '3.0.3' ],
20 silly audit   'lodash.isplainobject': [ '4.0.6' ],
20 silly audit   'lodash.isstring': [ '4.0.1' ],
20 silly audit   'lodash.once': [ '4.1.1' ],
20 silly audit   'math-intrinsics': [ '1.1.0' ],
20 silly audit   'media-typer': [ '1.1.1' ],
20 silly audit   'merge-descriptors': [ '2.0.0' ],
20 silly audit   minimatch: [ '10.2.6' ],
20 silly audit   ms: [ '2.1.3' ],
20 silly audit   negotiator: [ '1.0.0' ],
20 silly audit   nodemon: [ '3.1.14' ],
20 silly audit   'normalize-path': [ '3.0.0' ],
20 silly audit   'object-assign': [ '4.1.1' ],
20 silly audit   'object-inspect': [ '1.13.4' ],
20 silly audit   'on-finished': [ '2.4.1' ],
20 silly audit   once: [ '1.4.0' ],
20 silly audit   parseurl: [ '1.3.3' ],
20 silly audit   'path-to-regexp': [ '8.4.2' ],
20 silly audit   pg: [ '8.23.0' ],
20 silly audit   'pg-cloudflare': [ '1.4.0' ],
20 silly audit   'pg-connection-string': [ '2.14.0' ],
20 silly audit   'pg-int8': [ '1.0.1' ],
20 silly audit   'pg-pool': [ '3.14.0' ],
20 silly audit   'pg-protocol': [ '1.16.0' ],
20 silly audit   'pg-types': [ '2.2.0' ],
20 silly audit   pgpass: [ '1.0.5' ],
20 silly audit   picomatch: [ '2.3.2' ],
20 silly audit   'postgres-array': [ '2.0.0' ],
20 silly audit   'postgres-bytea': [ '1.0.1' ],
20 silly audit   'postgres-date': [ '1.0.7' ],
20 silly audit   'postgres-interval': [ '1.2.0' ],
20 silly audit   'proxy-addr': [ '2.0.7' ],
20 silly audit   'proxy-from-env': [ '2.1.0' ],
20 silly audit   'pstree.remy': [ '1.1.8' ],
20 silly audit   qs: [ '6.15.3' ],
20 silly audit   'range-parser': [ '1.3.0' ],
20 silly audit   'raw-body': [ '3.0.2' ],
20 silly audit   readdirp: [ '3.6.0' ],
20 silly audit   router: [ '2.2.0' ],
20 silly audit   'safe-buffer': [ '5.2.1' ],
20 silly audit   'safer-buffer': [ '2.1.2' ],
20 silly audit   semver: [ '7.8.5' ],
20 silly audit   send: [ '1.2.1' ],
20 silly audit   'serve-static': [ '2.2.1' ],
20 silly audit   setprototypeof: [ '1.2.0' ],
20 silly audit   'side-channel': [ '1.1.1' ],
20 silly audit   'side-channel-list': [ '1.0.1' ],
20 silly audit   'side-channel-map': [ '1.0.1' ],
20 silly audit   'side-channel-weakmap': [ '1.0.2' ],
20 silly audit   'simple-update-notifier': [ '2.0.0' ],
20 silly audit   split2: [ '4.2.0' ],
20 silly audit   statuses: [ '2.0.2' ],
20 silly audit   'supports-color': [ '5.5.0' ],
20 silly audit   'to-regex-range': [ '5.0.1' ],
20 silly audit   toidentifier: [ '1.0.1' ],
20 silly audit   touch: [ '3.1.1' ],
20 silly audit   'type-is': [ '2.1.0' ],
20 silly audit   undefsafe: [ '2.0.5' ],
20 silly audit   unpipe: [ '1.0.0' ],
20 silly audit   vary: [ '1.1.2' ],
20 silly audit   wrappy: [ '1.0.2' ],
20 silly audit   xtend: [ '4.0.2' ],
20 silly audit   'node-cron': [ '4.6.0' ]
20 silly audit }
21 verbose reify failed optional dependency /home/williamdacoula/mon-site/invest-backend/node_modules/fsevents
22 silly reify mark deleted [
22 silly reify   '/home/williamdacoula/mon-site/invest-backend/node_modules/fsevents'
22 silly reify ]
23 silly tarball no local data for node-cron@https://registry.npmjs.org/node-cron/-/node-cron-4.6.0.tgz. Extracting by manifest.
24 http fetch POST 200 https://registry.npmjs.org/-/npm/v1/security/advisories/bulk 381ms
25 silly audit report {}
26 http fetch GET 200 https://registry.npmjs.org/node-cron/-/node-cron-4.6.0.tgz 2587ms (cache miss)
27 silly ADD node_modules/node-cron
28 silly ADD
29 verbose cwd /home/williamdacoula/mon-site/invest-backend
30 verbose os Linux 6.6.119-09283-g9c138e0af8c3
31 verbose node v20.20.2
32 verbose npm  v10.8.2
33 verbose exit 0
34 info ok
