0 verbose cli /usr/bin/node /usr/bin/npm
1 info using npm@10.8.2
2 info using node@v20.20.2
3 silly config load:file:/usr/lib/node_modules/npm/npmrc
4 silly config load:file:/home/williamdacoula/mon-site/invest-backend/.npmrc
5 silly config load:file:/home/williamdacoula/.npmrc
6 silly config load:file:/usr/etc/npmrc
7 verbose title npm install nodemon
8 verbose argv "install" "--save-dev" "nodemon"
9 verbose logfile logs-max:10 dir:/home/williamdacoula/.npm/_logs/2026-08-16T13_56_25_536Z-
10 verbose logfile /home/williamdacoula/.npm/_logs/2026-08-16T13_56_25_536Z-debug-0.log
11 silly packumentCache heap:2197815296 maxSize:549453824 maxEntrySize:274726912
12 silly logfile done cleaning log files
13 silly idealTree buildDeps
14 silly fetch manifest nodemon@*
15 silly packumentCache full:https://registry.npmjs.org/nodemon cache-miss
16 http fetch GET 200 https://registry.npmjs.org/nodemon 4569ms (cache miss)
17 silly packumentCache full:https://registry.npmjs.org/nodemon set size:undefined disposed:false
18 silly placeDep ROOT nodemon@3.1.14 OK for: invest-backend@1.0.0 want: *
19 silly fetch manifest touch@^3.1.0
20 silly packumentCache full:https://registry.npmjs.org/touch cache-miss
21 silly fetch manifest chokidar@^3.5.2
22 silly packumentCache full:https://registry.npmjs.org/chokidar cache-miss
23 silly fetch manifest minimatch@^10.2.1
24 silly packumentCache full:https://registry.npmjs.org/minimatch cache-miss
25 http fetch GET 200 https://registry.npmjs.org/touch 588ms (cache miss)
26 silly packumentCache full:https://registry.npmjs.org/touch set size:undefined disposed:false
27 silly fetch manifest undefsafe@^2.0.5
28 silly packumentCache full:https://registry.npmjs.org/undefsafe cache-miss
29 http fetch GET 200 https://registry.npmjs.org/undefsafe 485ms (cache miss)
30 silly packumentCache full:https://registry.npmjs.org/undefsafe set size:undefined disposed:false
31 silly fetch manifest pstree.remy@^1.1.8
32 silly packumentCache full:https://registry.npmjs.org/pstree.remy cache-miss
33 http fetch GET 200 https://registry.npmjs.org/pstree.remy 610ms (cache miss)
34 silly packumentCache full:https://registry.npmjs.org/pstree.remy set size:undefined disposed:false
35 silly fetch manifest supports-color@^5.5.0
36 silly packumentCache full:https://registry.npmjs.org/supports-color cache-miss
37 http fetch GET 200 https://registry.npmjs.org/supports-color 712ms (cache miss)
38 silly packumentCache full:https://registry.npmjs.org/supports-color set size:undefined disposed:false
39 silly fetch manifest ignore-by-default@^1.0.1
40 silly packumentCache full:https://registry.npmjs.org/ignore-by-default cache-miss
41 http fetch GET 200 https://registry.npmjs.org/ignore-by-default 521ms (cache miss)
42 silly packumentCache full:https://registry.npmjs.org/ignore-by-default set size:undefined disposed:false
43 silly fetch manifest simple-update-notifier@^2.0.0
44 silly packumentCache full:https://registry.npmjs.org/simple-update-notifier cache-miss
45 http fetch GET 200 https://registry.npmjs.org/chokidar 3579ms (cache miss)
46 silly packumentCache full:https://registry.npmjs.org/chokidar set size:undefined disposed:false
47 http fetch GET 200 https://registry.npmjs.org/simple-update-notifier 734ms (cache miss)
48 silly packumentCache full:https://registry.npmjs.org/simple-update-notifier set size:undefined disposed:false
49 http fetch GET 200 https://registry.npmjs.org/minimatch 5180ms (cache miss)
50 silly packumentCache full:https://registry.npmjs.org/minimatch set size:undefined disposed:false
51 silly placeDep ROOT chokidar@3.6.0 OK for: nodemon@3.1.14 want: ^3.5.2
52 silly placeDep ROOT ignore-by-default@1.0.1 OK for: nodemon@3.1.14 want: ^1.0.1
53 silly placeDep ROOT minimatch@10.2.6 OK for: nodemon@3.1.14 want: ^10.2.1
54 silly placeDep ROOT pstree.remy@1.1.8 OK for: nodemon@3.1.14 want: ^1.1.8
55 silly placeDep ROOT simple-update-notifier@2.0.0 OK for: nodemon@3.1.14 want: ^2.0.0
56 silly placeDep ROOT supports-color@5.5.0 OK for: nodemon@3.1.14 want: ^5.5.0
57 silly placeDep ROOT touch@3.1.1 OK for: nodemon@3.1.14 want: ^3.1.0
58 silly placeDep ROOT undefsafe@2.0.5 OK for: nodemon@3.1.14 want: ^2.0.5
59 silly fetch manifest braces@~3.0.2
60 silly packumentCache full:https://registry.npmjs.org/braces cache-miss
61 silly fetch manifest is-glob@~4.0.1
62 silly packumentCache full:https://registry.npmjs.org/is-glob cache-miss
63 silly fetch manifest anymatch@~3.1.2
64 silly packumentCache full:https://registry.npmjs.org/anymatch cache-miss
65 http fetch GET 200 https://registry.npmjs.org/is-glob 528ms (cache miss)
66 silly packumentCache full:https://registry.npmjs.org/is-glob set size:undefined disposed:false
67 silly fetch manifest readdirp@~3.6.0
68 silly packumentCache full:https://registry.npmjs.org/readdirp cache-miss
69 http fetch GET 200 https://registry.npmjs.org/anymatch 530ms (cache miss)
70 silly packumentCache full:https://registry.npmjs.org/anymatch set size:undefined disposed:false
71 silly fetch manifest glob-parent@~5.1.2
72 silly packumentCache full:https://registry.npmjs.org/glob-parent cache-miss
73 http fetch GET 200 https://registry.npmjs.org/braces 541ms (cache miss)
74 silly packumentCache full:https://registry.npmjs.org/braces set size:undefined disposed:false
75 silly fetch manifest is-binary-path@~2.1.0
76 silly packumentCache full:https://registry.npmjs.org/is-binary-path cache-miss
77 http fetch GET 200 https://registry.npmjs.org/glob-parent 437ms (cache miss)
78 silly packumentCache full:https://registry.npmjs.org/glob-parent set size:undefined disposed:false
79 silly fetch manifest normalize-path@~3.0.0
80 silly packumentCache full:https://registry.npmjs.org/normalize-path cache-miss
81 http fetch GET 200 https://registry.npmjs.org/readdirp 447ms (cache miss)
82 silly packumentCache full:https://registry.npmjs.org/readdirp set size:undefined disposed:false
83 silly fetch manifest fsevents@~2.3.2
84 silly packumentCache full:https://registry.npmjs.org/fsevents cache-miss
85 http fetch GET 200 https://registry.npmjs.org/is-binary-path 717ms (cache miss)
86 silly packumentCache full:https://registry.npmjs.org/is-binary-path set size:undefined disposed:false
87 silly fetch manifest brace-expansion@^5.0.8
88 silly packumentCache full:https://registry.npmjs.org/brace-expansion cache-miss
89 http fetch GET 200 https://registry.npmjs.org/normalize-path 387ms (cache miss)
90 silly packumentCache full:https://registry.npmjs.org/normalize-path set size:undefined disposed:false
91 silly fetch manifest has-flag@^3.0.0
92 silly packumentCache full:https://registry.npmjs.org/has-flag cache-miss
93 http fetch GET 200 https://registry.npmjs.org/has-flag 273ms (cache miss)
94 silly packumentCache full:https://registry.npmjs.org/has-flag set size:undefined disposed:false
95 http fetch GET 200 https://registry.npmjs.org/fsevents 721ms (cache miss)
96 silly packumentCache full:https://registry.npmjs.org/fsevents set size:undefined disposed:false
97 http fetch GET 200 https://registry.npmjs.org/brace-expansion 529ms (cache miss)
98 silly packumentCache full:https://registry.npmjs.org/brace-expansion set size:undefined disposed:false
99 silly placeDep ROOT anymatch@3.1.3 OK for: chokidar@3.6.0 want: ~3.1.2
100 silly placeDep ROOT braces@3.0.3 OK for: chokidar@3.6.0 want: ~3.0.2
101 silly placeDep ROOT fsevents@2.3.3 OK for: chokidar@3.6.0 want: ~2.3.2
102 silly placeDep ROOT glob-parent@5.1.2 OK for: chokidar@3.6.0 want: ~5.1.2
103 silly placeDep ROOT is-binary-path@2.1.0 OK for: chokidar@3.6.0 want: ~2.1.0
104 silly placeDep ROOT is-glob@4.0.3 OK for: chokidar@3.6.0 want: ~4.0.1
105 silly placeDep ROOT normalize-path@3.0.0 OK for: chokidar@3.6.0 want: ~3.0.0
106 silly placeDep ROOT readdirp@3.6.0 OK for: chokidar@3.6.0 want: ~3.6.0
107 silly fetch manifest picomatch@^2.0.4
108 silly packumentCache full:https://registry.npmjs.org/picomatch cache-miss
109 silly fetch manifest normalize-path@^3.0.0
110 silly packumentCache full:https://registry.npmjs.org/normalize-path cache-miss
111 silly fetch manifest fill-range@^7.1.1
112 silly packumentCache full:https://registry.npmjs.org/fill-range cache-miss
113 http fetch GET 200 https://registry.npmjs.org/normalize-path 26ms (cache hit)
114 silly packumentCache full:https://registry.npmjs.org/normalize-path set size:28713 disposed:false
115 silly fetch manifest is-glob@^4.0.1
116 silly packumentCache full:https://registry.npmjs.org/is-glob cache-miss
117 http fetch GET 200 https://registry.npmjs.org/is-glob 6ms (cache hit)
118 silly packumentCache full:https://registry.npmjs.org/is-glob set size:40530 disposed:false
119 silly fetch manifest binary-extensions@^2.0.0
120 silly packumentCache full:https://registry.npmjs.org/binary-extensions cache-miss
121 http fetch GET 200 https://registry.npmjs.org/binary-extensions 426ms (cache miss)
122 silly packumentCache full:https://registry.npmjs.org/binary-extensions set size:undefined disposed:false
123 silly fetch manifest is-extglob@^2.1.1
124 silly packumentCache full:https://registry.npmjs.org/is-extglob cache-miss
125 http fetch GET 200 https://registry.npmjs.org/fill-range 596ms (cache miss)
126 silly packumentCache full:https://registry.npmjs.org/fill-range set size:undefined disposed:false
127 silly fetch manifest picomatch@^2.2.1
128 silly packumentCache full:https://registry.npmjs.org/picomatch cache-miss
129 http fetch GET 200 https://registry.npmjs.org/picomatch 607ms (cache miss)
130 silly packumentCache full:https://registry.npmjs.org/picomatch set size:undefined disposed:false
131 http fetch GET 200 https://registry.npmjs.org/picomatch 18ms (cache hit)
132 silly packumentCache full:https://registry.npmjs.org/picomatch set size:128942 disposed:false
133 http fetch GET 200 https://registry.npmjs.org/is-extglob 384ms (cache miss)
134 silly packumentCache full:https://registry.npmjs.org/is-extglob set size:undefined disposed:false
135 silly placeDep ROOT picomatch@2.3.2 OK for: anymatch@3.1.3 want: ^2.0.4
136 silly placeDep ROOT fill-range@7.1.1 OK for: braces@3.0.3 want: ^7.1.1
137 silly fetch manifest to-regex-range@^5.0.1
138 silly packumentCache full:https://registry.npmjs.org/to-regex-range cache-miss
139 http fetch GET 200 https://registry.npmjs.org/to-regex-range 490ms (cache miss)
140 silly packumentCache full:https://registry.npmjs.org/to-regex-range set size:undefined disposed:false
141 silly placeDep ROOT to-regex-range@5.0.1 OK for: fill-range@7.1.1 want: ^5.0.1
142 silly fetch manifest is-number@^7.0.0
143 silly packumentCache full:https://registry.npmjs.org/is-number cache-miss
144 http fetch GET 200 https://registry.npmjs.org/is-number 554ms (cache miss)
145 silly packumentCache full:https://registry.npmjs.org/is-number set size:undefined disposed:false
146 silly placeDep ROOT binary-extensions@2.3.0 OK for: is-binary-path@2.1.0 want: ^2.0.0
147 silly placeDep ROOT is-extglob@2.1.1 OK for: is-glob@4.0.3 want: ^2.1.1
148 silly placeDep ROOT brace-expansion@5.0.9 OK for: minimatch@10.2.6 want: ^5.0.8
149 silly fetch manifest balanced-match@^4.0.2
150 silly packumentCache full:https://registry.npmjs.org/balanced-match cache-miss
151 http fetch GET 200 https://registry.npmjs.org/balanced-match 314ms (cache miss)
152 silly packumentCache full:https://registry.npmjs.org/balanced-match set size:undefined disposed:false
153 silly placeDep ROOT balanced-match@4.0.4 OK for: brace-expansion@5.0.9 want: ^4.0.2
154 silly placeDep ROOT has-flag@3.0.0 OK for: supports-color@5.5.0 want: ^3.0.0
155 silly placeDep ROOT is-number@7.0.0 OK for: to-regex-range@5.0.1 want: ^7.0.0
156 silly reify moves {}
157 silly audit bulk request {
157 silly audit   accepts: [ '2.0.0' ],
157 silly audit   'agent-base': [ '6.0.2' ],
157 silly audit   asynckit: [ '0.4.0' ],
157 silly audit   axios: [ '1.19.0' ],
157 silly audit   bcryptjs: [ '3.0.3' ],
157 silly audit   'body-parser': [ '2.3.0' ],
157 silly audit   'content-type': [ '2.1.0', '1.0.5' ],
157 silly audit   'buffer-equal-constant-time': [ '1.0.1' ],
157 silly audit   bytes: [ '3.1.2' ],
157 silly audit   'call-bind-apply-helpers': [ '1.0.2' ],
157 silly audit   'call-bound': [ '1.0.4' ],
157 silly audit   'combined-stream': [ '1.0.8' ],
157 silly audit   'content-disposition': [ '1.1.0' ],
157 silly audit   cookie: [ '0.7.2' ],
157 silly audit   'cookie-signature': [ '1.2.2' ],
157 silly audit   cors: [ '2.8.6' ],
157 silly audit   debug: [ '4.4.3' ],
157 silly audit   'delayed-stream': [ '1.0.0' ],
157 silly audit   depd: [ '2.0.0' ],
157 silly audit   dotenv: [ '17.4.2' ],
157 silly audit   'dunder-proto': [ '1.0.1' ],
157 silly audit   'ecdsa-sig-formatter': [ '1.0.11' ],
157 silly audit   'ee-first': [ '1.1.1' ],
157 silly audit   encodeurl: [ '2.0.0' ],
157 silly audit   'es-define-property': [ '1.0.1' ],
157 silly audit   'es-errors': [ '1.3.0' ],
157 silly audit   'es-object-atoms': [ '1.1.2' ],
157 silly audit   'es-set-tostringtag': [ '2.1.0' ],
157 silly audit   'escape-html': [ '1.0.3' ],
157 silly audit   etag: [ '1.8.1' ],
157 silly audit   express: [ '5.2.1' ],
157 silly audit   finalhandler: [ '2.1.1' ],
157 silly audit   'follow-redirects': [ '1.16.0' ],
157 silly audit   'form-data': [ '4.0.6' ],
157 silly audit   'mime-db': [ '1.52.0', '1.54.0' ],
157 silly audit   'mime-types': [ '2.1.35', '3.0.2' ],
157 silly audit   forwarded: [ '0.2.0' ],
157 silly audit   fresh: [ '2.0.0' ],
157 silly audit   'function-bind': [ '1.1.2' ],
157 silly audit   'get-intrinsic': [ '1.3.0' ],
157 silly audit   'get-proto': [ '1.0.1' ],
157 silly audit   gopd: [ '1.2.0' ],
157 silly audit   'has-symbols': [ '1.1.0' ],
157 silly audit   'has-tostringtag': [ '1.0.2' ],
157 silly audit   hasown: [ '2.0.4' ],
157 silly audit   'http-errors': [ '2.0.1' ],
157 silly audit   'https-proxy-agent': [ '5.0.1' ],
157 silly audit   'iconv-lite': [ '0.7.3' ],
157 silly audit   inherits: [ '2.0.4' ],
157 silly audit   'ipaddr.js': [ '1.9.1' ],
157 silly audit   'is-promise': [ '4.0.0' ],
157 silly audit   jsonwebtoken: [ '9.0.3' ],
157 silly audit   jwa: [ '2.0.1' ],
157 silly audit   jws: [ '4.0.1' ],
157 silly audit   'lodash.includes': [ '4.3.0' ],
157 silly audit   'lodash.isboolean': [ '3.0.3' ],
157 silly audit   'lodash.isinteger': [ '4.0.4' ],
157 silly audit   'lodash.isnumber': [ '3.0.3' ],
157 silly audit   'lodash.isplainobject': [ '4.0.6' ],
157 silly audit   'lodash.isstring': [ '4.0.1' ],
157 silly audit   'lodash.once': [ '4.1.1' ],
157 silly audit   'math-intrinsics': [ '1.1.0' ],
157 silly audit   'media-typer': [ '1.1.1' ],
157 silly audit   'merge-descriptors': [ '2.0.0' ],
157 silly audit   ms: [ '2.1.3' ],
157 silly audit   negotiator: [ '1.0.0' ],
157 silly audit   'object-assign': [ '4.1.1' ],
157 silly audit   'object-inspect': [ '1.13.4' ],
157 silly audit   'on-finished': [ '2.4.1' ],
157 silly audit   once: [ '1.4.0' ],
157 silly audit   parseurl: [ '1.3.3' ],
157 silly audit   'path-to-regexp': [ '8.4.2' ],
157 silly audit   pg: [ '8.23.0' ],
157 silly audit   'pg-cloudflare': [ '1.4.0' ],
157 silly audit   'pg-connection-string': [ '2.14.0' ],
157 silly audit   'pg-int8': [ '1.0.1' ],
157 silly audit   'pg-pool': [ '3.14.0' ],
157 silly audit   'pg-protocol': [ '1.16.0' ],
157 silly audit   'pg-types': [ '2.2.0' ],
157 silly audit   pgpass: [ '1.0.5' ],
157 silly audit   'postgres-array': [ '2.0.0' ],
157 silly audit   'postgres-bytea': [ '1.0.1' ],
157 silly audit   'postgres-date': [ '1.0.7' ],
157 silly audit   'postgres-interval': [ '1.2.0' ],
157 silly audit   'proxy-addr': [ '2.0.7' ],
157 silly audit   'proxy-from-env': [ '2.1.0' ],
157 silly audit   qs: [ '6.15.3' ],
157 silly audit   'range-parser': [ '1.3.0' ],
157 silly audit   'raw-body': [ '3.0.2' ],
157 silly audit   router: [ '2.2.0' ],
157 silly audit   'safe-buffer': [ '5.2.1' ],
157 silly audit   'safer-buffer': [ '2.1.2' ],
157 silly audit   semver: [ '7.8.5' ],
157 silly audit   send: [ '1.2.1' ],
157 silly audit   'serve-static': [ '2.2.1' ],
157 silly audit   setprototypeof: [ '1.2.0' ],
157 silly audit   'side-channel': [ '1.1.1' ],
157 silly audit   'side-channel-list': [ '1.0.1' ],
157 silly audit   'side-channel-map': [ '1.0.1' ],
157 silly audit   'side-channel-weakmap': [ '1.0.2' ],
157 silly audit   split2: [ '4.2.0' ],
157 silly audit   statuses: [ '2.0.2' ],
157 silly audit   toidentifier: [ '1.0.1' ],
157 silly audit   'type-is': [ '2.1.0' ],
157 silly audit   unpipe: [ '1.0.0' ],
157 silly audit   vary: [ '1.1.2' ],
157 silly audit   wrappy: [ '1.0.2' ],
157 silly audit   xtend: [ '4.0.2' ],
157 silly audit   nodemon: [ '3.1.14' ],
157 silly audit   chokidar: [ '3.6.0' ],
157 silly audit   'ignore-by-default': [ '1.0.1' ],
157 silly audit   minimatch: [ '10.2.6' ],
157 silly audit   'pstree.remy': [ '1.1.8' ],
157 silly audit   'simple-update-notifier': [ '2.0.0' ],
157 silly audit   'supports-color': [ '5.5.0' ],
157 silly audit   touch: [ '3.1.1' ],
157 silly audit   undefsafe: [ '2.0.5' ],
157 silly audit   anymatch: [ '3.1.3' ],
157 silly audit   braces: [ '3.0.3' ],
157 silly audit   fsevents: [ '2.3.3' ],
157 silly audit   'glob-parent': [ '5.1.2' ],
157 silly audit   'is-binary-path': [ '2.1.0' ],
157 silly audit   'is-glob': [ '4.0.3' ],
157 silly audit   'normalize-path': [ '3.0.0' ],
157 silly audit   readdirp: [ '3.6.0' ],
157 silly audit   picomatch: [ '2.3.2' ],
157 silly audit   'fill-range': [ '7.1.1' ],
157 silly audit   'to-regex-range': [ '5.0.1' ],
157 silly audit   'binary-extensions': [ '2.3.0' ],
157 silly audit   'is-extglob': [ '2.1.1' ],
157 silly audit   'brace-expansion': [ '5.0.9' ],
157 silly audit   'balanced-match': [ '4.0.4' ],
157 silly audit   'has-flag': [ '3.0.0' ],
157 silly audit   'is-number': [ '7.0.0' ]
157 silly audit }
158 verbose reify failed optional dependency /home/williamdacoula/mon-site/invest-backend/node_modules/fsevents
159 silly reify mark deleted [
159 silly reify   '/home/williamdacoula/mon-site/invest-backend/node_modules/fsevents'
159 silly reify ]
160 silly tarball no local data for is-number@https://registry.npmjs.org/is-number/-/is-number-7.0.0.tgz. Extracting by manifest.
161 silly tarball no local data for has-flag@https://registry.npmjs.org/has-flag/-/has-flag-3.0.0.tgz. Extracting by manifest.
162 silly tarball no local data for balanced-match@https://registry.npmjs.org/balanced-match/-/balanced-match-4.0.4.tgz. Extracting by manifest.
163 silly tarball no local data for brace-expansion@https://registry.npmjs.org/brace-expansion/-/brace-expansion-5.0.9.tgz. Extracting by manifest.
164 silly tarball no local data for is-extglob@https://registry.npmjs.org/is-extglob/-/is-extglob-2.1.1.tgz. Extracting by manifest.
165 silly tarball no local data for binary-extensions@https://registry.npmjs.org/binary-extensions/-/binary-extensions-2.3.0.tgz. Extracting by manifest.
166 silly tarball no local data for to-regex-range@https://registry.npmjs.org/to-regex-range/-/to-regex-range-5.0.1.tgz. Extracting by manifest.
167 silly tarball no local data for fill-range@https://registry.npmjs.org/fill-range/-/fill-range-7.1.1.tgz. Extracting by manifest.
168 silly tarball no local data for picomatch@https://registry.npmjs.org/picomatch/-/picomatch-2.3.2.tgz. Extracting by manifest.
169 silly tarball no local data for readdirp@https://registry.npmjs.org/readdirp/-/readdirp-3.6.0.tgz. Extracting by manifest.
170 silly tarball no local data for normalize-path@https://registry.npmjs.org/normalize-path/-/normalize-path-3.0.0.tgz. Extracting by manifest.
171 silly tarball no local data for is-glob@https://registry.npmjs.org/is-glob/-/is-glob-4.0.3.tgz. Extracting by manifest.
172 silly tarball no local data for is-binary-path@https://registry.npmjs.org/is-binary-path/-/is-binary-path-2.1.0.tgz. Extracting by manifest.
173 silly tarball no local data for glob-parent@https://registry.npmjs.org/glob-parent/-/glob-parent-5.1.2.tgz. Extracting by manifest.
174 silly tarball no local data for braces@https://registry.npmjs.org/braces/-/braces-3.0.3.tgz. Extracting by manifest.
175 silly tarball no local data for anymatch@https://registry.npmjs.org/anymatch/-/anymatch-3.1.3.tgz. Extracting by manifest.
176 silly tarball no local data for undefsafe@https://registry.npmjs.org/undefsafe/-/undefsafe-2.0.5.tgz. Extracting by manifest.
177 silly tarball no local data for supports-color@https://registry.npmjs.org/supports-color/-/supports-color-5.5.0.tgz. Extracting by manifest.
178 silly tarball no local data for simple-update-notifier@https://registry.npmjs.org/simple-update-notifier/-/simple-update-notifier-2.0.0.tgz. Extracting by manifest.
179 silly tarball no local data for pstree.remy@https://registry.npmjs.org/pstree.remy/-/pstree.remy-1.1.8.tgz. Extracting by manifest.
180 silly tarball no local data for minimatch@https://registry.npmjs.org/minimatch/-/minimatch-10.2.6.tgz. Extracting by manifest.
181 silly tarball no local data for ignore-by-default@https://registry.npmjs.org/ignore-by-default/-/ignore-by-default-1.0.1.tgz. Extracting by manifest.
182 silly tarball no local data for touch@https://registry.npmjs.org/touch/-/touch-3.1.1.tgz. Extracting by manifest.
183 silly tarball no local data for chokidar@https://registry.npmjs.org/chokidar/-/chokidar-3.6.0.tgz. Extracting by manifest.
184 silly tarball no local data for nodemon@https://registry.npmjs.org/nodemon/-/nodemon-3.1.14.tgz. Extracting by manifest.
185 http fetch GET 200 https://registry.npmjs.org/has-flag/-/has-flag-3.0.0.tgz 370ms (cache miss)
186 http fetch POST 200 https://registry.npmjs.org/-/npm/v1/security/advisories/bulk 643ms
187 silly audit report {}
188 http fetch GET 200 https://registry.npmjs.org/is-number/-/is-number-7.0.0.tgz 646ms (cache miss)
189 http fetch GET 200 https://registry.npmjs.org/braces/-/braces-3.0.3.tgz 866ms (cache miss)
190 http fetch GET 200 https://registry.npmjs.org/anymatch/-/anymatch-3.1.3.tgz 866ms (cache miss)
191 http fetch GET 200 https://registry.npmjs.org/undefsafe/-/undefsafe-2.0.5.tgz 865ms (cache miss)
192 http fetch GET 200 https://registry.npmjs.org/pstree.remy/-/pstree.remy-1.1.8.tgz 1248ms (cache miss)
193 http fetch GET 200 https://registry.npmjs.org/simple-update-notifier/-/simple-update-notifier-2.0.0.tgz 1251ms (cache miss)
194 http fetch GET 200 https://registry.npmjs.org/ignore-by-default/-/ignore-by-default-1.0.1.tgz 1639ms (cache miss)
195 http fetch GET 200 https://registry.npmjs.org/supports-color/-/supports-color-5.5.0.tgz 1648ms (cache miss)
196 http fetch GET 200 https://registry.npmjs.org/is-extglob/-/is-extglob-2.1.1.tgz 2057ms (cache miss)
197 http fetch GET 200 https://registry.npmjs.org/to-regex-range/-/to-regex-range-5.0.1.tgz 2068ms (cache miss)
198 http fetch GET 200 https://registry.npmjs.org/chokidar/-/chokidar-3.6.0.tgz 2190ms (cache miss)
199 http fetch GET 200 https://registry.npmjs.org/readdirp/-/readdirp-3.6.0.tgz 2259ms (cache miss)
200 http fetch GET 200 https://registry.npmjs.org/picomatch/-/picomatch-2.3.2.tgz 2311ms (cache miss)
201 http fetch GET 200 https://registry.npmjs.org/binary-extensions/-/binary-extensions-2.3.0.tgz 2513ms (cache miss)
202 http fetch GET 200 https://registry.npmjs.org/balanced-match/-/balanced-match-4.0.4.tgz 2519ms (cache miss)
203 http fetch GET 200 https://registry.npmjs.org/is-binary-path/-/is-binary-path-2.1.0.tgz 2501ms (cache miss)
204 http fetch GET 200 https://registry.npmjs.org/touch/-/touch-3.1.1.tgz 2475ms (cache miss)
205 http fetch GET 200 https://registry.npmjs.org/fill-range/-/fill-range-7.1.1.tgz 2515ms (cache miss)
206 http fetch GET 200 https://registry.npmjs.org/normalize-path/-/normalize-path-3.0.0.tgz 2584ms (cache miss)
207 http fetch GET 200 https://registry.npmjs.org/minimatch/-/minimatch-10.2.6.tgz 2795ms (cache miss)
208 http fetch GET 200 https://registry.npmjs.org/brace-expansion/-/brace-expansion-5.0.9.tgz 2858ms (cache miss)
209 http fetch GET 200 https://registry.npmjs.org/nodemon/-/nodemon-3.1.14.tgz 2860ms (cache miss)
210 http fetch GET https://registry.npmjs.org/is-glob/-/is-glob-4.0.3.tgz attempt 1 failed with ETIMEDOUT
211 http fetch GET https://registry.npmjs.org/glob-parent/-/glob-parent-5.1.2.tgz attempt 1 failed with ETIMEDOUT
212 http fetch GET 200 https://registry.npmjs.org/is-glob/-/is-glob-4.0.3.tgz 13513ms attempt #2 (cache miss)
213 http fetch GET 200 https://registry.npmjs.org/glob-parent/-/glob-parent-5.1.2.tgz 13508ms attempt #2 (cache miss)
214 silly ADD node_modules/is-number
215 silly ADD node_modules/has-flag
216 silly ADD node_modules/balanced-match
217 silly ADD node_modules/brace-expansion
218 silly ADD node_modules/is-extglob
219 silly ADD node_modules/binary-extensions
220 silly ADD node_modules/to-regex-range
221 silly ADD node_modules/fill-range
222 silly ADD node_modules/picomatch
223 silly ADD node_modules/readdirp
224 silly ADD node_modules/normalize-path
225 silly ADD node_modules/is-glob
226 silly ADD node_modules/is-binary-path
227 silly ADD node_modules/glob-parent
228 silly ADD
229 silly ADD node_modules/braces
230 silly ADD node_modules/anymatch
231 silly ADD node_modules/undefsafe
232 silly ADD node_modules/touch
233 silly ADD node_modules/supports-color
234 silly ADD node_modules/simple-update-notifier
235 silly ADD node_modules/pstree.remy
236 silly ADD node_modules/minimatch
237 silly ADD node_modules/ignore-by-default
238 silly ADD node_modules/chokidar
239 silly ADD node_modules/nodemon
240 verbose cwd /home/williamdacoula/mon-site/invest-backend
241 verbose os Linux 6.6.119-09283-g9c138e0af8c3
242 verbose node v20.20.2
243 verbose npm  v10.8.2
244 verbose exit 0
245 info ok
